Fri Jan 21 14:35:24 UTC 2022
Internet: Connected
RAM Usage :
Mem:           985M        173M        117M        456K        694M        656M
Swap Usage :
Swap:          1.9G        170M        1.8G
Disk Usage :
Filesystem                         Size  Used Avail Use% Mounted on
udev                               461M     0  461M   0% /dev
tmpfs                               99M  948K   98M   1% /run
/dev/mapper/ubuntu--vg-ubuntu--lv   15G  8.8G  5.2G  63% /
tmpfs                              493M     0  493M   0% /dev/shm
tmpfs                              5.0M     0  5.0M   0% /run/lock
tmpfs                              493M     0  493M   0% /sys/fs/cgroup
/dev/sda2                          976M  221M  689M  25% /boot
tmpfs                               99M     0   99M   0% /run/user/1000
Fri Jan 21 14:35:46 UTC 2022
Internet: Connected
RAM Usage :
Mem:           985M        173M        117M        456K        694M        656M
Swap Usage :
Swap:          1.9G        170M        1.8G
Disk Usage :
Filesystem                         Size  Used Avail Use% Mounted on
udev                               461M     0  461M   0% /dev
tmpfs                               99M  948K   98M   1% /run
/dev/mapper/ubuntu--vg-ubuntu--lv   15G  8.8G  5.2G  63% /
tmpfs                              493M     0  493M   0% /dev/shm
tmpfs                              5.0M     0  5.0M   0% /run/lock
tmpfs                              493M     0  493M   0% /sys/fs/cgroup
/dev/sda2                          976M  221M  689M  25% /boot
tmpfs                               99M     0   99M   0% /run/user/1000
